25000000 reads; of these:
25000000 (100.00%) were paired; of these:
8000000 (32.00%) aligned concordantly 0 times
8750000 (35.00%) aligned concordantly exactly 1 time
8250000 (33.00%) aligned concordantly >1 times
----
8000000 pairs aligned concordantly 0 times; of these:
3200000 (40.00%) aligned discordantly 1 time
----
4800000 pairs aligned 0 times concordantly or discordantly; of these:
9600000 mates make up the pairs; of these:
4600000 (57.50%) aligned 0 times
2200000 (27.50%) aligned exactly 1 time
1200000 (15.00%) aligned >1 times
89.63% overall alignment rate
